[    0.000000] microcode: microcode updated early to revision 0xf4, date = 2023-02-23
[    0.000000] Linux version 6.1.0-20-amd64 (debian-kernel@lists.debian.org) (gcc-12 (Debian 12.2.0-14) 12.2.0, GNU ld (GNU Binutils for Debian) 2.40) #1 SMP PREEMPT_DYNAMIC Debian 6.1.85-1 (2024-04-11)
[    0.000000] Command line: BOOT_IMAGE=/boot/vmlinuz-6.1.0-20-amd64 root=UUID=ba8ec4fd-31ff-4c01-9c03-cd042defc190 ro iomem=relaxed quiet
[    0.000000] BIOS-provided physical RAM map:
[    0.000000] BIOS-e820: [mem 0x0000000000000000-0x0000000000057fff] usable
[    0.000000] BIOS-e820: [mem 0x0000000000058000-0x0000000000058fff] reserved
[    0.000000] BIOS-e820: [mem 0x0000000000059000-0x000000000009dfff] usable
[    0.000000] BIOS-e820: [mem 0x000000000009e000-0x00000000000fffff] reserved
[    0.000000] BIOS-e820: [mem 0x0000000000100000-0x000000003fffffff] usable
[    0.000000] BIOS-e820: [mem 0x0000000040000000-0x00000000403fffff] reserved
[    0.000000] BIOS-e820: [mem 0x0000000040400000-0x00000000b7baefff] usable
[    0.000000] BIOS-e820: [mem 0x00000000b7baf000-0x00000000b7baffff] ACPI NVS
[    0.000000] BIOS-e820: [mem 0x00000000b7bb0000-0x00000000b7bb0fff] reserved
[    0.000000] BIOS-e820: [mem 0x00000000b7bb1000-0x00000000bdcccfff] usable
[    0.000000] BIOS-e820: [mem 0x00000000bdccd000-0x00000000be986fff] reserved
[    0.000000] BIOS-e820: [mem 0x00000000be987000-0x00000000bed64fff] usable
[    0.000000] BIOS-e820: [mem 0x00000000bed65000-0x00000000bede3fff] ACPI NVS
[    0.000000] BIOS-e820: [mem 0x00000000bede4000-0x00000000bf74afff] reserved
[    0.000000] BIOS-e820: [mem 0x00000000bf74b000-0x00000000bf7fefff] type 20
[    0.000000] BIOS-e820: [mem 0x00000000bf7ff000-0x00000000bf7fffff] usable
[    0.000000] BIOS-e820: [mem 0x00000000bf800000-0x00000000bfffffff] reserved
[    0.000000] BIOS-e820: [mem 0x00000000e0000000-0x00000000efffffff] reserved
[    0.000000] BIOS-e820: [mem 0x00000000fe000000-0x00000000fe010fff] reserved
[    0.000000] BIOS-e820: [mem 0x00000000fec00000-0x00000000fec00fff] reserved
[    0.000000] BIOS-e820: [mem 0x00000000fed00000-0x00000000fed00fff] reserved
[    0.000000] BIOS-e820: [mem 0x00000000fee00000-0x00000000fee00fff] reserved
[    0.000000] BIOS-e820: [mem 0x00000000ff000000-0x00000000ffffffff] reserved
[    0.000000] BIOS-e820: [mem 0x0000000100000000-0x000000043fffffff] usable
[    0.000000] NX (Execute Disable) protection: active
[    0.000000] efi: EFI v2.70 by American Megatrends
[    0.000000] efi: ACPI 2.0=0xbed65000 ACPI=0xbed65000 SMBIOS=0xbf601000 SMBIOS 3.0=0xbf600000 MEMATTR=0xb9762418 ESRT=0xba0c4118 
[    0.000000] secureboot: Secure boot disabled
[    0.000000] SMBIOS 3.1.1 present.
[    0.000000] DMI: ECS H310CH5-M2/H310CH5-M2, BIOS 5.12 09/09/2023
[    0.000000] tsc: Detected 2400.000 MHz processor
[    0.001080] e820: update [mem 0x00000000-0x00000fff] usable ==> reserved
[    0.001082] e820: remove [mem 0x000a0000-0x000fffff] usable
[    0.001090] last_pfn = 0x440000 max_arch_pfn = 0x400000000
[    0.001218] x86/PAT: Configuration [0-7]: WB  WC  UC- UC  WB  WP  UC- WT  
[    0.001832] last_pfn = 0xbf800 max_arch_pfn = 0x400000000
[    0.013274] esrt: Reserving ESRT space from 0x00000000ba0c4118 to 0x00000000ba0c4150.
[    0.013277] e820: update [mem 0xba0c4000-0xba0c4fff] usable ==> reserved
[    0.013292] Using GB pages for direct mapping
[    0.013874] RAMDISK: [mem 0x30d57000-0x346a2fff]
[    0.013878] ACPI: Early table checksum verification disabled
[    0.013880] ACPI: RSDP 0x00000000BED65000 000024 (v02 ALASKA)
[    0.013883] ACPI: XSDT 0x00000000BED650B8 0000F4 (v01 ALASKA A M I    01072009 AMI  00010013)
[    0.013887] ACPI: FACP 0x00000000BED91848 000114 (v06 ALASKA A M I    01072009 AMI  00010013)
[    0.013891] ACPI: DSDT 0x00000000BED65248 02C5FE (v02 ALASKA A M I    01072009 INTL 20160422)
[    0.013894] ACPI: FACS 0x00000000BEDE3F00 000040
[    0.013896] ACPI: APIC 0x00000000BED91960 0000F4 (v03 ALASKA A M I    01072009 AMI  00010013)
[    0.013898] ACPI: FPDT 0x00000000BED91A58 000044 (v01 ALASKA A M I    01072009 AMI  00010013)
[    0.013900] ACPI: FIDT 0x00000000BED91AA0 00009C (v01 ALASKA A M I    01072009 AMI  00010013)
[    0.013902] ACPI: MCFG 0x00000000BED91B40 00003C (v01 ALASKA A M I    01072009 MSFT 00000097)
[    0.013904] ACPI: SSDT 0x00000000BED91B80 0003A3 (v01 SataRe SataTabl 00001000 INTL 20160422)
[    0.013907] ACPI: SSDT 0x00000000BED91F28 003165 (v02 SaSsdt SaSsdt   00003000 INTL 20160422)
[    0.013909] ACPI: HPET 0x00000000BED95090 000038 (v01 INTEL  KBL      00000001 MSFT 0000005F)
[    0.013911] ACPI: SSDT 0x00000000BED950C8 000024 (v02 INTEL  OEM_RTD3 00001000 INTL 20160422)
[    0.013913] ACPI: SSDT 0x00000000BED950F0 0011AA (v02 INTEL  Ther_Rvp 00001000 INTL 20160422)
[    0.013916] ACPI: SSDT 0x00000000BED962A0 000A26 (v02 INTEL  xh_rvp08 00000000 INTL 20160422)
[    0.013918] ACPI: UEFI 0x00000000BED96CC8 000048 (v01 ALASKA A M I    00000002      01000013)
[    0.013920] ACPI: SSDT 0x00000000BED96D10 0017AE (v02 CpuRef CpuSsdt  00003000 INTL 20160422)
[    0.013922] ACPI: LPIT 0x00000000BED984C0 000094 (v01 INTEL  KBL      00000000 MSFT 0000005F)
[    0.013925] ACPI: SSDT 0x00000000BED98558 000141 (v02 INTEL  HdaDsp   00000000 INTL 20160422)
[    0.013927] ACPI: SSDT 0x00000000BED986A0 00029F (v02 INTEL  sensrhub 00000000 INTL 20160422)
[    0.013929] ACPI: SSDT 0x00000000BED98940 003002 (v02 INTEL  PtidDevc 00001000 INTL 20160422)
[    0.013931] ACPI: SSDT 0x00000000BED9B948 000517 (v02 INTEL  TbtTypeC 00000000 INTL 20160422)
[    0.013933] ACPI: SSDT 0x00000000BED9BE60 0002E9 (v02 INTEL  Wwan     00000001 INTL 20160422)
[    0.013936] ACPI: DBGP 0x00000000BED9C150 000034 (v01 INTEL           00000002 MSFT 0000005F)
[    0.013938] ACPI: DBG2 0x00000000BED9C188 000054 (v00 INTEL           00000002 MSFT 0000005F)
[    0.013940] ACPI: SSDT 0x00000000BED9C1E0 0012E5 (v02 ALASKA UsbCTabl 00001000 INTL 20160422)
[    0.013943] ACPI: DMAR 0x00000000BED9D4C8 000070 (v01 INTEL  EDK2     00000001 INTL 00000001)
[    0.013945] ACPI: BGRT 0x00000000BED9D538 000038 (v01 ALASKA A M I    01072009 AMI  00010013)
[    0.013947] ACPI: ASF! 0x00000000BED9D570 0000A0 (v32 INTEL   HCG     00000001 TFSM 000F4240)
[    0.013949] ACPI: WSMT 0x00000000BED9D610 000028 (v01 ALASKA A M I    01072009 AMI  00010013)
[    0.013951] ACPI: Reserving FACP table memory at [mem 0xbed91848-0xbed9195b]
[    0.013952] ACPI: Reserving DSDT table memory at [mem 0xbed65248-0xbed91845]
[    0.013953] ACPI: Reserving FACS table memory at [mem 0xbede3f00-0xbede3f3f]
[    0.013954] ACPI: Reserving APIC table memory at [mem 0xbed91960-0xbed91a53]
[    0.013954] ACPI: Reserving FPDT table memory at [mem 0xbed91a58-0xbed91a9b]
[    0.013955] ACPI: Reserving FIDT table memory at [mem 0xbed91aa0-0xbed91b3b]
[    0.013956] ACPI: Reserving MCFG table memory at [mem 0xbed91b40-0xbed91b7b]
[    0.013957] ACPI: Reserving SSDT table memory at [mem 0xbed91b80-0xbed91f22]
[    0.013957] ACPI: Reserving SSDT table memory at [mem 0xbed91f28-0xbed9508c]
[    0.013958] ACPI: Reserving HPET table memory at [mem 0xbed95090-0xbed950c7]
[    0.013959] ACPI: Reserving SSDT table memory at [mem 0xbed950c8-0xbed950eb]
[    0.013959] ACPI: Reserving SSDT table memory at [mem 0xbed950f0-0xbed96299]
[    0.013960] ACPI: Reserving SSDT table memory at [mem 0xbed962a0-0xbed96cc5]
[    0.013961] ACPI: Reserving UEFI table memory at [mem 0xbed96cc8-0xbed96d0f]
[    0.013961] ACPI: Reserving SSDT table memory at [mem 0xbed96d10-0xbed984bd]
[    0.013962] ACPI: Reserving LPIT table memory at [mem 0xbed984c0-0xbed98553]
[    0.013963] ACPI: Reserving SSDT table memory at [mem 0xbed98558-0xbed98698]
[    0.013964] ACPI: Reserving SSDT table memory at [mem 0xbed986a0-0xbed9893e]
[    0.013964] ACPI: Reserving SSDT table memory at [mem 0xbed98940-0xbed9b941]
[    0.013965] ACPI: Reserving SSDT table memory at [mem 0xbed9b948-0xbed9be5e]
[    0.013966] ACPI: Reserving SSDT table memory at [mem 0xbed9be60-0xbed9c148]
[    0.013967] ACPI: Reserving DBGP table memory at [mem 0xbed9c150-0xbed9c183]
[    0.013967] ACPI: Reserving DBG2 table memory at [mem 0xbed9c188-0xbed9c1db]
[    0.013968] ACPI: Reserving SSDT table memory at [mem 0xbed9c1e0-0xbed9d4c4]
[    0.013969] ACPI: Reserving DMAR table memory at [mem 0xbed9d4c8-0xbed9d537]
[    0.013969] ACPI: Reserving BGRT table memory at [mem 0xbed9d538-0xbed9d56f]
[    0.013970] ACPI: Reserving ASF! table memory at [mem 0xbed9d570-0xbed9d60f]
[    0.013971] ACPI: Reserving WSMT table memory at [mem 0xbed9d610-0xbed9d637]
[    0.014071] No NUMA configuration found
[    0.014071] Faking a node at [mem 0x0000000000000000-0x000000043fffffff]
[    0.014078] NODE_DATA(0) allocated [mem 0x43ffd5000-0x43fffffff]
[    0.014276] Zone ranges:
[    0.014277]   DMA      [mem 0x0000000000001000-0x0000000000ffffff]
[    0.014278]   DMA32    [mem 0x0000000001000000-0x00000000ffffffff]
[    0.014280]   Normal   [mem 0x0000000100000000-0x000000043fffffff]
[    0.014281]   Device   empty
[    0.014282] Movable zone start for each node
[    0.014283] Early memory node ranges
[    0.014284]   node   0: [mem 0x0000000000001000-0x0000000000057fff]
[    0.014285]   node   0: [mem 0x0000000000059000-0x000000000009dfff]
[    0.014286]   node   0: [mem 0x0000000000100000-0x000000003fffffff]
[    0.014286]   node   0: [mem 0x0000000040400000-0x00000000b7baefff]
[    0.014287]   node   0: [mem 0x00000000b7bb1000-0x00000000bdcccfff]
[    0.014288]   node   0: [mem 0x00000000be987000-0x00000000bed64fff]
[    0.014288]   node   0: [mem 0x00000000bf7ff000-0x00000000bf7fffff]
[    0.014289]   node   0: [mem 0x0000000100000000-0x000000043fffffff]
[    0.014291] Initmem setup node 0 [mem 0x0000000000001000-0x000000043fffffff]
[    0.014295] On node 0, zone DMA: 1 pages in unavailable ranges
[    0.014296] On node 0, zone DMA: 1 pages in unavailable ranges
[    0.014319] On node 0, zone DMA: 98 pages in unavailable ranges
[    0.018508] On node 0, zone DMA32: 1024 pages in unavailable ranges
[    0.018648] On node 0, zone DMA32: 2 pages in unavailable ranges
[    0.018685] On node 0, zone DMA32: 3258 pages in unavailable ranges
[    0.018712] On node 0, zone DMA32: 2714 pages in unavailable ranges
[    0.018936] On node 0, zone Normal: 2048 pages in unavailable ranges
[    0.019102] ACPI: PM-Timer IO Port: 0x1808
[    0.019107] ACPI: LAPIC_NMI (acpi_id[0x01] high edge lint[0x1])
[    0.019108] ACPI: LAPIC_NMI (acpi_id[0x02] high edge lint[0x1])
[    0.019109] ACPI: LAPIC_NMI (acpi_id[0x03] high edge lint[0x1])
[    0.019109] ACPI: LAPIC_NMI (acpi_id[0x04] high edge lint[0x1])
[    0.019110] ACPI: LAPIC_NMI (acpi_id[0x05] high edge lint[0x1])
[    0.019110] ACPI: LAPIC_NMI (acpi_id[0x06] high edge lint[0x1])
[    0.019111] ACPI: LAPIC_NMI (acpi_id[0x07] high edge lint[0x1])
[    0.019112] ACPI: LAPIC_NMI (acpi_id[0x08] high edge lint[0x1])
[    0.019112] ACPI: LAPIC_NMI (acpi_id[0x09] high edge lint[0x1])
[    0.019113] ACPI: LAPIC_NMI (acpi_id[0x0a] high edge lint[0x1])
[    0.019113] ACPI: LAPIC_NMI (acpi_id[0x0b] high edge lint[0x1])
[    0.019114] ACPI: LAPIC_NMI (acpi_id[0x0c] high edge lint[0x1])
[    0.019140] IOAPIC[0]: apic_id 2, version 32, address 0xfec00000, GSI 0-119
[    0.019142] ACPI: INT_SRC_OVR (bus 0 bus_irq 0 global_irq 2 dfl dfl)
[    0.019144] ACPI: INT_SRC_OVR (bus 0 bus_irq 9 global_irq 9 high level)
[    0.019147] ACPI: Using ACPI (MADT) for SMP configuration information
[    0.019148] ACPI: HPET id: 0x8086a201 base: 0xfed00000
[    0.019153] e820: update [mem 0xb9dad000-0xb9e09fff] usable ==> reserved
[    0.019164] TSC deadline timer available
[    0.019164] smpboot: Allowing 12 CPUs, 0 hotplug CPUs
[    0.019182] PM: hibernation: Registered nosave memory: [mem 0x00000000-0x00000fff]
[    0.019184] PM: hibernation: Registered nosave memory: [mem 0x00058000-0x00058fff]
[    0.019186] PM: hibernation: Registered nosave memory: [mem 0x0009e000-0x000fffff]
[    0.019187] PM: hibernation: Registered nosave memory: [mem 0x40000000-0x403fffff]
[    0.019189] PM: hibernation: Registered nosave memory: [mem 0xb7baf000-0xb7baffff]
[    0.019189] PM: hibernation: Registered nosave memory: [mem 0xb7bb0000-0xb7bb0fff]
[    0.019191] PM: hibernation: Registered nosave memory: [mem 0xb9dad000-0xb9e09fff]
[    0.019192] PM: hibernation: Registered nosave memory: [mem 0xba0c4000-0xba0c4fff]
[    0.019194] PM: hibernation: Registered nosave memory: [mem 0xbdccd000-0xbe986fff]
[    0.019195] PM: hibernation: Registered nosave memory: [mem 0xbed65000-0xbede3fff]
[    0.019196] PM: hibernation: Registered nosave memory: [mem 0xbede4000-0xbf74afff]
[    0.019196] PM: hibernation: Registered nosave memory: [mem 0xbf74b000-0xbf7fefff]
[    0.019198] PM: hibernation: Registered nosave memory: [mem 0xbf800000-0xbfffffff]
[    0.019198] PM: hibernation: Registered nosave memory: [mem 0xc0000000-0xdfffffff]
[    0.019199] PM: hibernation: Registered nosave memory: [mem 0xe0000000-0xefffffff]
[    0.019199] PM: hibernation: Registered nosave memory: [mem 0xf0000000-0xfdffffff]
[    0.019200] PM: hibernation: Registered nosave memory: [mem 0xfe000000-0xfe010fff]
[    0.019200] PM: hibernation: Registered nosave memory: [mem 0xfe011000-0xfebfffff]
[    0.019201] PM: hibernation: Registered nosave memory: [mem 0xfec00000-0xfec00fff]
[    0.019202] PM: hibernation: Registered nosave memory: [mem 0xfec01000-0xfecfffff]
[    0.019202] PM: hibernation: Registered nosave memory: [mem 0xfed00000-0xfed00fff]
[    0.019203] PM: hibernation: Registered nosave memory: [mem 0xfed01000-0xfedfffff]
[    0.019203] PM: hibernation: Registered nosave memory: [mem 0xfee00000-0xfee00fff]
[    0.019204] PM: hibernation: Registered nosave memory: [mem 0xfee01000-0xfeffffff]
[    0.019204] PM: hibernation: Registered nosave memory: [mem 0xff000000-0xffffffff]
[    0.019206] [mem 0xc0000000-0xdfffffff] available for PCI devices
[    0.019207] Booting paravirtualized kernel on bare hardware
[    0.019208] clocksource: refined-jiffies: mask: 0xffffffff max_cycles: 0xffffffff, max_idle_ns: 7645519600211568 ns
[    0.022846] setup_percpu: NR_CPUS:8192 nr_cpumask_bits:12 nr_cpu_ids:12 nr_node_ids:1
[    0.023080] percpu: Embedded 61 pages/cpu s212992 r8192 d28672 u262144
[    0.023086] pcpu-alloc: s212992 r8192 d28672 u262144 alloc=1*2097152
[    0.023088] pcpu-alloc: [0] 00 01 02 03 04 05 06 07 [0] 08 09 10 11 -- -- -- -- 
[    0.023115] Fallback order for Node 0: 0 
[    0.023118] Built 1 zonelists, mobility grouping on.  Total pages: 4119607
[    0.023119] Policy zone: Normal
[    0.023120] Kernel command line: BOOT_IMAGE=/boot/vmlinuz-6.1.0-20-amd64 root=UUID=ba8ec4fd-31ff-4c01-9c03-cd042defc190 ro iomem=relaxed quiet
[    0.023159] Unknown kernel command line parameters "BOOT_IMAGE=/boot/vmlinuz-6.1.0-20-amd64", will be passed to user space.
[    0.023192] random: crng init done
[    0.023784] Dentry cache hash table entries: 2097152 (order: 12, 16777216 bytes, linear)
[    0.024070] Inode-cache hash table entries: 1048576 (order: 11, 8388608 bytes, linear)
[    0.024163] mem auto-init: stack:all(zero), heap alloc:on, heap free:off
[    0.024169] software IO TLB: area num 16.
[    0.041437] Memory: 3021608K/16740632K available (14342K kernel code, 2331K rwdata, 9056K rodata, 2800K init, 17404K bss, 562340K reserved, 0K cma-reserved)
[    0.041537] SLUB: HWalign=64, Order=0-3, MinObjects=0, CPUs=12, Nodes=1
[    0.041549] Kernel/User page tables isolation: enabled
[    0.041572] ftrace: allocating 40211 entries in 158 pages
[    0.047053] ftrace: allocated 158 pages with 5 groups
[    0.047590] Dynamic Preempt: voluntary
[    0.047618] rcu: Preemptible hierarchical RCU implementation.
[    0.047619] rcu: 	RCU restricting CPUs from NR_CPUS=8192 to nr_cpu_ids=12.
[    0.047620] 	Trampoline variant of Tasks RCU enabled.
[    0.047621] 	Rude variant of Tasks RCU enabled.
[    0.047621] 	Tracing variant of Tasks RCU enabled.
[    0.047622] rcu: RCU calculated value of scheduler-enlistment delay is 25 jiffies.
[    0.047622] rcu: Adjusting geometry for rcu_fanout_leaf=16, nr_cpu_ids=12
[    0.050792] NR_IRQS: 524544, nr_irqs: 2152, preallocated irqs: 16
[    0.051018] rcu: srcu_init: Setting srcu_struct sizes based on contention.
[    0.051171] Console: colour dummy device 80x25
[    0.051187] printk: console [tty0] enabled
[    0.051201] ACPI: Core revision 20220331
[    0.051335] hpet: HPET dysfunctional in PC10. Force disabled.
[    0.051336] APIC: Switch to symmetric I/O mode setup
[    0.051338] DMAR: Host address width 39
[    0.051339] DMAR: DRHD base: 0x000000fed90000 flags: 0x1
[    0.051343] DMAR: dmar0: reg_base_addr fed90000 ver 1:0 cap d2008c40660462 ecap f050da
[    0.051346] DMAR: RMRR base: 0x000000bf393000 end: 0x000000bf5dcfff
[    0.051348] DMAR-IR: IOAPIC id 2 under DRHD base  0xfed90000 IOMMU 0
[    0.051349] DMAR-IR: HPET id 0 under DRHD base 0xfed90000
[    0.051350] DMAR-IR: Queued invalidation will be enabled to support x2apic and Intr-remapping.
[    0.052709] DMAR-IR: Enabled IRQ remapping in x2apic mode
[    0.052710] x2apic enabled
[    0.052723] Switched APIC routing to cluster x2apic.
[    0.056386] clocksource: tsc-early: mask: 0xffffffffffffffff max_cycles: 0x22983777dd9, max_idle_ns: 440795300422 ns
[    0.056391] Calibrating delay loop (skipped), value calculated using timer frequency.. 4800.00 BogoMIPS (lpj=9600000)
[    0.056410] x86/cpu: SGX disabled by BIOS.
[    0.056417] CPU0: Thermal monitoring enabled (TM1)
[    0.056456] process: using mwait in idle threads
[    0.056458] Last level iTLB entries: 4KB 64, 2MB 8, 4MB 8
[    0.056459] Last level dTLB entries: 4KB 64, 2MB 0, 4MB 0, 1GB 4
[    0.056462] Spectre V1 : Mitigation: usercopy/swapgs barriers and __user pointer sanitization
[    0.056464] Spectre V2 : Mitigation: IBRS
[    0.056464] Spectre V2 : Spectre v2 / SpectreRSB mitigation: Filling RSB on context switch
[    0.056465] Spectre V2 : Spectre v2 / SpectreRSB : Filling RSB on VMEXIT
[    0.056466] RETBleed: Mitigation: IBRS
[    0.056467] Spectre V2 : mitigation: Enabling conditional Indirect Branch Prediction Barrier
[    0.056468] Spectre V2 : User space: Mitigation: STIBP via prctl
[    0.056469] Speculative Store Bypass: Mitigation: Speculative Store Bypass disabled via prctl
[    0.056474] MDS: Mitigation: Clear CPU buffers
[    0.056475] TAA: Mitigation: TSX disabled
[    0.056476] MMIO Stale Data: Mitigation: Clear CPU buffers
[    0.056479] SRBDS: Mitigation: Microcode
[    0.056485] GDS: Mitigation: Microcode
[    0.056490] x86/fpu: Supporting XSAVE feature 0x001: 'x87 floating point registers'
[    0.056491] x86/fpu: Supporting XSAVE feature 0x002: 'SSE registers'
[    0.056492] x86/fpu: Supporting XSAVE feature 0x004: 'AVX registers'
[    0.056493] x86/fpu: Supporting XSAVE feature 0x008: 'MPX bounds registers'
[    0.056494] x86/fpu: Supporting XSAVE feature 0x010: 'MPX CSR'
[    0.056496] x86/fpu: xstate_offset[2]:  576, xstate_sizes[2]:  256
[    0.056497] x86/fpu: xstate_offset[3]:  832, xstate_sizes[3]:   64
[    0.056499] x86/fpu: xstate_offset[4]:  896, xstate_sizes[4]:   64
[    0.056500] x86/fpu: Enabled xstate features 0x1f, context size is 960 bytes, using 'compacted' format.
[    0.060389] Freeing SMP alternatives memory: 36K
[    0.060389] pid_max: default: 32768 minimum: 301
[    0.060389] LSM: Security Framework initializing
[    0.060389] landlock: Up and running.
[    0.060389] Yama: disabled by default; enable with sysctl kernel.yama.*
[    0.060389] AppArmor: AppArmor initialized
[    0.060389] TOMOYO Linux initialized
[    0.060389] LSM support for eBPF active
[    0.060389] Mount-cache hash table entries: 32768 (order: 6, 262144 bytes, linear)
[    0.060389] Mountpoint-cache hash table entries: 32768 (order: 6, 262144 bytes, linear)
[    0.060389] smpboot: CPU0: Genuine Intel(R) CPU 0000 @ 2.40GHz (family: 0x6, model: 0x9e, stepping: 0xa)
[    0.060389] cblist_init_generic: Setting adjustable number of callback queues.
[    0.060389] cblist_init_generic: Setting shift to 4 and lim to 1.
[    0.060389] cblist_init_generic: Setting adjustable number of callback queues.
[    0.060389] cblist_init_generic: Setting shift to 4 and lim to 1.
[    0.060389] cblist_init_generic: Setting adjustable number of callback queues.
[    0.060389] cblist_init_generic: Setting shift to 4 and lim to 1.
[    0.060389] Performance Events: PEBS fmt3+, Skylake events, 32-deep LBR, full-width counters, Intel PMU driver.
[    0.060389] ... version:                4
[    0.060389] ... bit width:              48
[    0.060389] ... generic registers:      4
[    0.060389] ... value mask:             0000ffffffffffff
[    0.060389] ... max period:             00007fffffffffff
[    0.060389] ... fixed-purpose events:   3
[    0.060389] ... event mask:             000000070000000f
[    0.060389] signal: max sigframe size: 2032
[    0.060389] Estimated ratio of average max frequency by base frequency (times 1024): 1493
[    0.060389] rcu: Hierarchical SRCU implementation.
[    0.060389] rcu: 	Max phase no-delay instances is 1000.
[    0.060389] NMI watchdog: Enabled. Permanently consumes one hw-PMU counter.
[    0.060389] smp: Bringing up secondary CPUs ...
[    0.060389] x86: Booting SMP configuration:
[    0.060389] .... node  #0, CPUs:        #1  #2  #3  #4  #5  #6
[    0.066163] MDS CPU bug present and SMT on, data leak possible. See https://www.kernel.org/doc/html/latest/admin-guide/hw-vuln/mds.html for more details.
[    0.066163] MMIO Stale Data CPU bug present and SMT on, data leak possible. See https://www.kernel.org/doc/html/latest/admin-guide/hw-vuln/processor_mmio_stale_data.html for more details.
[    0.066163]   #7  #8  #9 #10 #11
[    0.068818] smp: Brought up 1 node, 12 CPUs
[    0.068818] smpboot: Max logical packages: 1
[    0.068818] smpboot: Total of 12 processors activated (57600.00 BogoMIPS)
[    0.086145] node 0 deferred pages initialised in 12ms
[    0.086542] devtmpfs: initialized
[    0.086542] x86/mm: Memory block size: 128MB
[    0.088396] ACPI: PM: Registering ACPI NVS region [mem 0xb7baf000-0xb7baffff] (4096 bytes)
[    0.088398] ACPI: PM: Registering ACPI NVS region [mem 0xbed65000-0xbede3fff] (520192 bytes)
[    0.088438] clocksource: jiffies: mask: 0xffffffff max_cycles: 0xffffffff, max_idle_ns: 7645041785100000 ns
[    0.088454] futex hash table entries: 4096 (order: 6, 262144 bytes, linear)
[    0.088495] pinctrl core: initialized pinctrl subsystem
[    0.088961] NET: Registered PF_NETLINK/PF_ROUTE protocol family
[    0.089159] DMA: preallocated 2048 KiB GFP_KERNEL pool for atomic allocations
[    0.089260] DMA: preallocated 2048 KiB GFP_KERNEL|GFP_DMA pool for atomic allocations
[    0.089370] DMA: preallocated 2048 KiB GFP_KERNEL|GFP_DMA32 pool for atomic allocations
[    0.089379] audit: initializing netlink subsys (disabled)
[    0.089387] audit: type=2000 audit(1714036541.032:1): state=initialized audit_enabled=0 res=1
[    0.089387] thermal_sys: Registered thermal governor 'fair_share'
[    0.089387] thermal_sys: Registered thermal governor 'bang_bang'
[    0.089387] thermal_sys: Registered thermal governor 'step_wise'
[    0.089387] thermal_sys: Registered thermal governor 'user_space'
[    0.089387] thermal_sys: Registered thermal governor 'power_allocator'
[    0.089387] cpuidle: using governor ladder
[    0.089387] cpuidle: using governor menu
[    0.089387] ACPI FADT declares the system doesn't support PCIe ASPM, so disable it
[    0.089387] acpiphp: ACPI Hot Plug PCI Controller Driver version: 0.5
[    0.089387] PCI: MMCONFIG for domain 0000 [bus 00-ff] at [mem 0xe0000000-0xefffffff] (base 0xe0000000)
[    0.089387] PCI: MMCONFIG at [mem 0xe0000000-0xefffffff] reserved in E820
[    0.089387] PCI: Using configuration type 1 for base access
[    0.089387] ENERGY_PERF_BIAS: Set to 'normal', was 'performance'
[    0.089387] kprobes: kprobe jump-optimization is enabled. All kprobes are optimized if possible.
[    0.089387] HugeTLB: registered 1.00 GiB page size, pre-allocated 0 pages
[    0.089387] HugeTLB: 16380 KiB vmemmap can be freed for a 1.00 GiB page
[    0.089387] HugeTLB: registered 2.00 MiB page size, pre-allocated 0 pages
[    0.089387] HugeTLB: 28 KiB vmemmap can be freed for a 2.00 MiB page
[    0.089387] ACPI: Added _OSI(Module Device)
[    0.089387] ACPI: Added _OSI(Processor Device)
[    0.089387] ACPI: Added _OSI(3.0 _SCP Extensions)
[    0.089387] ACPI: Added _OSI(Processor Aggregator Device)
[    0.128911] ACPI: 13 ACPI AML tables successfully acquired and loaded
[    0.133972] ACPI: Dynamic OEM Table Load:
[    0.133979] ACPI: SSDT 0xFFFF8F9380DE3800 0005CD (v02 PmRef  Cpu0Ist  00003000 INTL 20160422)
[    0.134943] ACPI: \_PR_.PR00: _OSC native thermal LVT Acked
[    0.136149] ACPI: Dynamic OEM Table Load:
[    0.136154] ACPI: SSDT 0xFFFF8F945DDE3800 0003FF (v02 PmRef  Cpu0Cst  00003001 INTL 20160422)
[    0.137390] ACPI: Dynamic OEM Table Load:
[    0.137396] ACPI: SSDT 0xFFFF8F96AFD0C000 000D14 (v02 PmRef  ApIst    00003000 INTL 20160422)
[    0.138928] ACPI: Dynamic OEM Table Load:
[    0.138932] ACPI: SSDT 0xFFFF8F945DDE4800 00030A (v02 PmRef  ApCst    00003000 INTL 20160422)
[    0.144033] ACPI: Interpreter enabled
[    0.144071] ACPI: PM: (supports S0 S3 S4 S5)
[    0.144072] ACPI: Using IOAPIC for interrupt routing
[    0.144107] PCI: Using host bridge windows from ACPI; if necessary, use "pci=nocrs" and report a bug
[    0.144109] PCI: Ignoring E820 reservations for host bridge windows
[    0.144938] ACPI: Enabled 6 GPEs in block 00 to 7F
[    0.163922] ACPI: PM: Power Resource [FN00]
[    0.163990] ACPI: PM: Power Resource [FN01]
[    0.164055] ACPI: PM: Power Resource [FN02]
[    0.164118] ACPI: PM: Power Resource [FN03]
[    0.164185] ACPI: PM: Power Resource [FN04]
[    0.165218] ACPI: PCI Root Bridge [PCI0] (domain 0000 [bus 00-fe])
[    0.165224] acpi PNP0A08:00: _OSC: OS supports [ExtendedConfig ASPM ClockPM Segments MSI HPX-Type3]
[    0.165297] acpi PNP0A08:00: _OSC: platform does not support [PCIeHotplug SHPCHotplug PME]
[    0.165425] acpi PNP0A08:00: _OSC: OS now controls [AER PCIeCapability LTR]
[    0.165426] acpi PNP0A08:00: FADT indicates ASPM is unsupported, using BIOS configuration
[    0.166234] PCI host bridge to bus 0000:00
[    0.166236] pci_bus 0000:00: root bus resource [io  0x0000-0x0cf7 window]
[    0.166238] pci_bus 0000:00: root bus resource [io  0x0d00-0xffff window]
[    0.166240] pci_bus 0000:00: root bus resource [mem 0x000a0000-0x000fffff window]
[    0.166242] pci_bus 0000:00: root bus resource [mem 0xc0000000-0xdfffffff window]
[    0.166243] pci_bus 0000:00: root bus resource [mem 0xfd000000-0xfe7fffff window]
[    0.166245] pci_bus 0000:00: root bus resource [bus 00-fe]
[    0.166318] pci 0000:00:00.0: [8086:3ec4] type 00 class 0x060000
[    0.166382] pci 0000:00:01.0: [8086:1901] type 01 class 0x060400
[    0.166418] pci 0000:00:01.0: PME# supported from D0 D3hot D3cold
[    0.166525] pci 0000:00:08.0: [8086:1911] type 00 class 0x088000
[    0.166533] pci 0000:00:08.0: reg 0x10: [mem 0xde22e000-0xde22efff 64bit]
[    0.166635] pci 0000:00:14.0: [8086:a2af] type 00 class 0x0c0330
[    0.166655] pci 0000:00:14.0: reg 0x10: [mem 0xde210000-0xde21ffff 64bit]
[    0.166729] pci 0000:00:14.0: PME# supported from D3hot D3cold
[    0.167236] pci 0000:00:14.2: [8086:a2b1] type 00 class 0x118000
[    0.167257] pci 0000:00:14.2: reg 0x10: [mem 0xde22d000-0xde22dfff 64bit]
[    0.167402] pci 0000:00:17.0: [8086:a282] type 00 class 0x010601
[    0.167418] pci 0000:00:17.0: reg 0x10: [mem 0xde228000-0xde229fff]
[    0.167427] pci 0000:00:17.0: reg 0x14: [mem 0xde22c000-0xde22c0ff]
[    0.167436] pci 0000:00:17.0: reg 0x18: [io  0xf050-0xf057]
[    0.167445] pci 0000:00:17.0: reg 0x1c: [io  0xf040-0xf043]
[    0.167454] pci 0000:00:17.0: reg 0x20: [io  0xf020-0xf03f]
[    0.167463] pci 0000:00:17.0: reg 0x24: [mem 0xde22b000-0xde22b7ff]
[    0.167510] pci 0000:00:17.0: PME# supported from D3hot
[    0.167741] pci 0000:00:1c.0: [8086:a294] type 01 class 0x060400
[    0.167848] pci 0000:00:1c.0: PME# supported from D0 D3hot D3cold
[    0.167872] pci 0000:00:1c.0: Intel SPT PCH root port ACS workaround enabled
[    0.168263] pci 0000:00:1f.0: [8086:a2ca] type 00 class 0x060100
[    0.168588] pci 0000:00:1f.2: [8086:a2a1] type 00 class 0x058000
[    0.168601] pci 0000:00:1f.2: reg 0x10: [mem 0xde224000-0xde227fff]
[    0.168822] pci 0000:00:1f.3: [8086:a2f0] type 00 class 0x040300
[    0.168843] pci 0000:00:1f.3: reg 0x10: [mem 0xde220000-0xde223fff 64bit]
[    0.168870] pci 0000:00:1f.3: reg 0x20: [mem 0xde200000-0xde20ffff 64bit]
[    0.168923] pci 0000:00:1f.3: PME# supported from D3hot D3cold
[    0.169561] pci 0000:00:1f.4: [8086:a2a3] type 00 class 0x0c0500
[    0.169618] pci 0000:00:1f.4: reg 0x10: [mem 0xde22a000-0xde22a0ff 64bit]
[    0.169688] pci 0000:00:1f.4: reg 0x20: [io  0xf000-0xf01f]
[    0.169960] pci 0000:01:00.0: [10de:1244] type 00 class 0x030000
[    0.169975] pci 0000:01:00.0: reg 0x10: [mem 0xdc000000-0xddffffff]
[    0.169987] pci 0000:01:00.0: reg 0x14: [mem 0xd0000000-0xd7ffffff 64bit pref]
[    0.170000] pci 0000:01:00.0: reg 0x1c: [mem 0xd8000000-0xdbffffff 64bit pref]
[    0.170008] pci 0000:01:00.0: reg 0x24: [io  0xe000-0xe07f]
[    0.170016] pci 0000:01:00.0: reg 0x30: [mem 0xde000000-0xde07ffff pref]
[    0.170032] pci 0000:01:00.0: BAR 1: assigned to efifb
[    0.170037] pci 0000:01:00.0: Video device with shadowed ROM at [mem 0x000c0000-0x000dffff]
[    0.170162] pci 0000:01:00.1: [10de:0bee] type 00 class 0x040300
[    0.170174] pci 0000:01:00.1: reg 0x10: [mem 0xde080000-0xde083fff]
[    0.170294] pci 0000:00:01.0: ASPM: current common clock configuration is inconsistent, reconfiguring
[    0.170316] pci 0000:00:01.0: PCI bridge to [bus 01]
[    0.170319] pci 0000:00:01.0:   bridge window [io  0xe000-0xefff]
[    0.170321] pci 0000:00:01.0:   bridge window [mem 0xdc000000-0xde0fffff]
[    0.170324] pci 0000:00:01.0:   bridge window [mem 0xd0000000-0xdbffffff 64bit pref]
[    0.170417] pci 0000:02:00.0: [10ec:8168] type 00 class 0x020000
[    0.170446] pci 0000:02:00.0: reg 0x10: [io  0xd000-0xd0ff]
[    0.170485] pci 0000:02:00.0: reg 0x18: [mem 0xde104000-0xde104fff 64bit]
[    0.170509] pci 0000:02:00.0: reg 0x20: [mem 0xde100000-0xde103fff 64bit]
[    0.170664] pci 0000:02:00.0: supports D1 D2
[    0.170665] pci 0000:02:00.0: PME# supported from D0 D1 D2 D3hot D3cold
[    0.170910] pci 0000:00:1c.0: PCI bridge to [bus 02]
[    0.170914] pci 0000:00:1c.0:   bridge window [io  0xd000-0xdfff]
[    0.170917] pci 0000:00:1c.0:   bridge window [mem 0xde100000-0xde1fffff]
[    0.171992] ACPI: PCI: Interrupt link LNKA configured for IRQ 11
[    0.172036] ACPI: PCI: Interrupt link LNKB configured for IRQ 10
[    0.172079] ACPI: PCI: Interrupt link LNKC configured for IRQ 11
[    0.172121] ACPI: PCI: Interrupt link LNKD configured for IRQ 11
[    0.172163] ACPI: PCI: Interrupt link LNKE configured for IRQ 11
[    0.172205] ACPI: PCI: Interrupt link LNKF configured for IRQ 11
[    0.172247] ACPI: PCI: Interrupt link LNKG configured for IRQ 11
[    0.172291] ACPI: PCI: Interrupt link LNKH configured for IRQ 11
[    0.178110] iommu: Default domain type: Translated 
[    0.178110] iommu: DMA domain TLB invalidation policy: lazy mode 
[    0.178110] pps_core: LinuxPPS API ver. 1 registered
[    0.178110] pps_core: Software ver. 5.3.6 - Copyright 2005-2007 Rodolfo Giometti <giometti@linux.it>
[    0.178110] PTP clock support registered
[    0.178110] EDAC MC: Ver: 3.0.0
[    0.178110] Registered efivars operations
[    0.178110] NetLabel: Initializing
[    0.178110] NetLabel:  domain hash size = 128
[    0.178110] NetLabel:  protocols = UNLABELED CIPSOv4 CALIPSO
[    0.178110] NetLabel:  unlabeled traffic allowed by default
[    0.178110] PCI: Using ACPI for IRQ routing
[    0.206661] PCI: pci_cache_line_size set to 64 bytes
[    0.206705] e820: reserve RAM buffer [mem 0x00058000-0x0005ffff]
[    0.206707] e820: reserve RAM buffer [mem 0x0009e000-0x0009ffff]
[    0.206708] e820: reserve RAM buffer [mem 0xb7baf000-0xb7ffffff]
[    0.206709] e820: reserve RAM buffer [mem 0xb9dad000-0xbbffffff]
[    0.206710] e820: reserve RAM buffer [mem 0xba0c4000-0xbbffffff]
[    0.206711] e820: reserve RAM buffer [mem 0xbdccd000-0xbfffffff]
[    0.206713] e820: reserve RAM buffer [mem 0xbed65000-0xbfffffff]
[    0.206714] e820: reserve RAM buffer [mem 0xbf800000-0xbfffffff]
[    0.206726] pci 0000:01:00.0: vgaarb: setting as boot VGA device
[    0.206726] pci 0000:01:00.0: vgaarb: bridge control possible
[    0.206726] pci 0000:01:00.0: vgaarb: VGA device added: decodes=io+mem,owns=io+mem,locks=none
[    0.206726] vgaarb: loaded
[    0.206726] clocksource: Switched to clocksource tsc-early
[    0.206726] VFS: Disk quotas dquot_6.6.0
[    0.206726] VFS: Dquot-cache hash table entries: 512 (order 0, 4096 bytes)
[    0.206726] AppArmor: AppArmor Filesystem Enabled
[    0.206726] pnp: PnP ACPI init
[    0.206726] system 00:00: [mem 0x40000000-0x403fffff] has been reserved
[    0.206726] system 00:01: [io  0x0a00-0x0a1f] has been reserved
[    0.206726] system 00:01: [io  0x0a20-0x0a2f] has been reserved
[    0.206726] system 00:01: [io  0x0a30-0x0a3f] has been reserved
[    0.206726] system 00:02: [io  0x0680-0x069f] has been reserved
[    0.206726] system 00:02: [io  0xffff] has been reserved
[    0.206726] system 00:02: [io  0xffff] has been reserved
[    0.206726] system 00:02: [io  0xffff] has been reserved
[    0.206726] system 00:02: [io  0x1800-0x18fe] has been reserved
[    0.206726] system 00:02: [io  0x164e-0x164f] has been reserved
[    0.206726] system 00:03: [io  0x0800-0x087f] has been reserved
[    0.206726] system 00:05: [io  0x1854-0x1857] has been reserved
[    0.206726] system 00:06: [mem 0xfed10000-0xfed17fff] has been reserved
[    0.206726] system 00:06: [mem 0xfed18000-0xfed18fff] has been reserved
[    0.206726] system 00:06: [mem 0xfed19000-0xfed19fff] has been reserved
[    0.206726] system 00:06: [mem 0xe0000000-0xefffffff] has been reserved
[    0.206726] system 00:06: [mem 0xfed20000-0xfed3ffff] has been reserved
[    0.206726] system 00:06: [mem 0xfed90000-0xfed93fff] could not be reserved
[    0.206726] system 00:06: [mem 0xfed45000-0xfed8ffff] has been reserved
[    0.206726] system 00:06: [mem 0xff000000-0xffffffff] has been reserved
[    0.206726] system 00:06: [mem 0xfee00000-0xfeefffff] could not be reserved
[    0.206726] system 00:06: [mem 0xdffe0000-0xdfffffff] has been reserved
[    0.206726] system 00:07: [mem 0xfd000000-0xfdabffff] has been reserved
[    0.206726] system 00:07: [mem 0xfdad0000-0xfdadffff] has been reserved
[    0.206726] system 00:07: [mem 0xfdb00000-0xfdffffff] has been reserved
[    0.206726] system 00:07: [mem 0xfe000000-0xfe01ffff] could not be reserved
[    0.206726] system 00:07: [mem 0xfe036000-0xfe03bfff] has been reserved
[    0.206726] system 00:07: [mem 0xfe03d000-0xfe3fffff] has been reserved
[    0.206726] system 00:07: [mem 0xfe410000-0xfe7fffff] has been reserved
[    0.206726] system 00:08: [io  0xff00-0xfffe] has been reserved
[    0.206726] system 00:09: [mem 0xfdaf0000-0xfdafffff] has been reserved
[    0.206726] system 00:09: [mem 0xfdae0000-0xfdaeffff] has been reserved
[    0.206726] system 00:09: [mem 0xfdac0000-0xfdacffff] has been reserved
[    0.207448] pnp: PnP ACPI: found 10 devices
[    0.213014] clocksource: acpi_pm: mask: 0xffffff max_cycles: 0xffffff, max_idle_ns: 2085701024 ns
[    0.213057] pci 0000:00:1f.1: [8086:a2a0] type 00 class 0x058000
[    0.213116] pci 0000:00:1f.1: reg 0x10: [mem 0xfd000000-0xfdffffff 64bit]
[    0.213391] NET: Registered PF_INET protocol family
[    0.213512] IP idents hash table entries: 262144 (order: 9, 2097152 bytes, linear)
[    0.215964] tcp_listen_portaddr_hash hash table entries: 8192 (order: 5, 131072 bytes, linear)
[    0.215988] Table-perturb hash table entries: 65536 (order: 6, 262144 bytes, linear)
[    0.216045] TCP established hash table entries: 131072 (order: 8, 1048576 bytes, linear)
[    0.216227] TCP bind hash table entries: 65536 (order: 9, 2097152 bytes, linear)
[    0.216428] TCP: Hash tables configured (established 131072 bind 65536)
[    0.216499] MPTCP token hash table entries: 16384 (order: 6, 393216 bytes, linear)
[    0.216545] UDP hash table entries: 8192 (order: 6, 262144 bytes, linear)
[    0.216577] UDP-Lite hash table entries: 8192 (order: 6, 262144 bytes, linear)
[    0.216628] NET: Registered PF_UNIX/PF_LOCAL protocol family
[    0.216633] NET: Registered PF_XDP protocol family
[    0.216641] pci 0000:00:01.0: PCI bridge to [bus 01]
[    0.216644] pci 0000:00:01.0:   bridge window [io  0xe000-0xefff]
[    0.216647] pci 0000:00:01.0:   bridge window [mem 0xdc000000-0xde0fffff]
[    0.216649] pci 0000:00:01.0:   bridge window [mem 0xd0000000-0xdbffffff 64bit pref]
[    0.216653] pci 0000:00:1c.0: PCI bridge to [bus 02]
[    0.216655] pci 0000:00:1c.0:   bridge window [io  0xd000-0xdfff]
[    0.216660] pci 0000:00:1c.0:   bridge window [mem 0xde100000-0xde1fffff]
[    0.216668] pci_bus 0000:00: resource 4 [io  0x0000-0x0cf7 window]
[    0.216670] pci_bus 0000:00: resource 5 [io  0x0d00-0xffff window]
[    0.216671] pci_bus 0000:00: resource 6 [mem 0x000a0000-0x000fffff window]
[    0.216673] pci_bus 0000:00: resource 7 [mem 0xc0000000-0xdfffffff window]
[    0.216674] pci_bus 0000:00: resource 8 [mem 0xfd000000-0xfe7fffff window]
[    0.216676] pci_bus 0000:01: resource 0 [io  0xe000-0xefff]
[    0.216677] pci_bus 0000:01: resource 1 [mem 0xdc000000-0xde0fffff]
[    0.216678] pci_bus 0000:01: resource 2 [mem 0xd0000000-0xdbffffff 64bit pref]
[    0.216679] pci_bus 0000:02: resource 0 [io  0xd000-0xdfff]
[    0.216681] pci_bus 0000:02: resource 1 [mem 0xde100000-0xde1fffff]
[    0.217021] pci 0000:01:00.1: extending delay after power-on from D3hot to 20 msec
[    0.217043] pci 0000:01:00.1: D0 power state depends on 0000:01:00.0
[    0.217051] PCI: CLS 64 bytes, default 64
[    0.217090] DMAR: No ATSR found
[    0.217090] DMAR: No SATC found
[    0.217091] DMAR: dmar0: Using Queued invalidation
[    0.217121] pci 0000:00:00.0: Adding to iommu group 0
[    0.217123] Trying to unpack rootfs image as initramfs...
[    0.217131] pci 0000:00:01.0: Adding to iommu group 1
[    0.217138] pci 0000:00:08.0: Adding to iommu group 2
[    0.217147] pci 0000:00:14.0: Adding to iommu group 3
[    0.217153] pci 0000:00:14.2: Adding to iommu group 3
[    0.217159] pci 0000:00:17.0: Adding to iommu group 4
[    0.217169] pci 0000:00:1c.0: Adding to iommu group 5
[    0.217180] pci 0000:00:1f.0: Adding to iommu group 6
[    0.217186] pci 0000:00:1f.2: Adding to iommu group 6
[    0.217194] pci 0000:00:1f.3: Adding to iommu group 6
[    0.217199] pci 0000:00:1f.4: Adding to iommu group 6
[    0.217203] pci 0000:01:00.0: Adding to iommu group 1
[    0.217207] pci 0000:01:00.1: Adding to iommu group 1
[    0.217216] pci 0000:02:00.0: Adding to iommu group 7
[    0.217879] DMAR: Intel(R) Virtualization Technology for Directed I/O
[    0.217881] PCI-DMA: Using software bounce buffering for IO (SWIOTLB)
[    0.217882] software IO TLB: mapped [mem 0x00000000b1b59000-0x00000000b5b59000] (64MB)
[    0.218262] Initialise system trusted keyrings
[    0.218269] Key type blacklist registered
[    0.218299] workingset: timestamp_bits=36 max_order=22 bucket_order=0
[    0.219514] zbud: loaded
[    0.219691] integrity: Platform Keyring initialized
[    0.219694] integrity: Machine keyring initialized
[    0.219696] Key type asymmetric registered
[    0.219697] Asymmetric key parser 'x509' registered
[    0.530751] Freeing initrd memory: 58672K
[    0.534921] alg: self-tests for CTR-KDF (hmac(sha256)) passed
[    0.534939] Block layer SCSI generic (bsg) driver version 0.4 loaded (major 248)
[    0.534964] io scheduler mq-deadline registered
[    0.535946] pcieport 0000:00:1c.0: AER: enabled with IRQ 122
[    0.536036] shpchp: Standard Hot Plug PCI Controller Driver version: 0.4
[    0.537493] thermal LNXTHERM:00: registered as thermal_zone0
[    0.537495] ACPI: thermal: Thermal Zone [TZ00] (28 C)
[    0.537602] thermal LNXTHERM:01: registered as thermal_zone1
[    0.537603] ACPI: thermal: Thermal Zone [TZ01] (30 C)
[    0.537738] Serial: 8250/16550 driver, 4 ports, IRQ sharing enabled
[    0.538061] serial8250: ttyS0 at I/O 0x3f8 (irq = 4, base_baud = 115200) is a 16550A
[    0.538541] hpet_acpi_add: no address or irqs in _CRS
[    0.538556] Linux agpgart interface v0.103
[    0.538603] AMD-Vi: AMD IOMMUv2 functionality not available on this system - This is not a bug.
[    0.539424] i8042: PNP: No PS/2 controller found.
[    0.539540] mousedev: PS/2 mouse device common for all mice
[    0.539552] rtc_cmos 00:04: RTC can wake from S4
[    0.540236] rtc_cmos 00:04: registered as rtc0
[    0.540362] rtc_cmos 00:04: setting system clock to 2024-04-25T09:15:41 UTC (1714036541)
[    0.540384] rtc_cmos 00:04: alarms up to one month, y3k, 242 bytes nvram
[    0.540819] intel_pstate: Intel P-state driver initializing
[    0.541539] intel_pstate: Disabling energy efficiency optimization
[    0.541540] intel_pstate: HWP enabled
[    0.541922] ledtrig-cpu: registered to indicate activity on CPUs
[    0.542143] efifb: probing for efifb
[    0.542148] efifb: framebuffer at 0xd0000000, using 2432k, total 2432k
[    0.542150] efifb: mode is 800x600x32, linelength=4096, pages=1
[    0.542151] efifb: scrolling: redraw
[    0.542152] efifb: Truecolor: size=8:8:8:8, shift=24:16:8:0
[    0.542248] Console: switching to colour frame buffer device 100x37
[    0.542889] fb0: EFI VGA frame buffer device
[    0.552399] NET: Registered PF_INET6 protocol family
[    0.556643] Segment Routing with IPv6
[    0.556652] In-situ OAM (IOAM) with IPv6
[    0.556670] mip6: Mobile IPv6
[    0.556673] NET: Registered PF_PACKET protocol family
[    0.556805] mpls_gso: MPLS GSO support
[    0.557646] microcode: sig=0x906ea, pf=0x20, revision=0xf4
[    0.558030] microcode: Microcode Update Driver: v2.2.
[    0.558034] IPI shorthand broadcast: enabled
[    0.558052] sched_clock: Marking stable (552349949, 5247005)->(625034961, -67438007)
[    0.558473] registered taskstats version 1
[    0.558480] Loading compiled-in X.509 certificates
[    0.572119] Loaded X.509 cert 'Debian Secure Boot CA: 6ccece7e4c6c0d1f6149f3dd27dfcc5cbb419ea1'
[    0.572134] Loaded X.509 cert 'Debian Secure Boot Signer 2022 - linux: 14011249c2675ea8e5148542202005810584b25f'
[    0.572816] zswap: loaded using pool lzo/zbud
[    0.573148] Key type .fscrypt registered
[    0.573149] Key type fscrypt-provisioning registered
[    0.576949] Key type encrypted registered
[    0.576951] AppArmor: AppArmor sha1 policy hashing enabled
[    0.578109] ima: No TPM chip found, activating TPM-bypass!
[    0.578111] ima: Allocated hash algorithm: sha256
[    0.578119] ima: No architecture policies found
[    0.578129] evm: Initialising EVM extended attributes:
[    0.578130] evm: security.selinux
[    0.578131] evm: security.SMACK64 (disabled)
[    0.578132] evm: security.SMACK64EXEC (disabled)
[    0.578132] evm: security.SMACK64TRANSMUTE (disabled)
[    0.578133] evm: security.SMACK64MMAP (disabled)
[    0.578134] evm: security.apparmor
[    0.578134] evm: security.ima
[    0.578135] evm: security.capability
[    0.578135] evm: HMAC attrs: 0x1
[    0.650025] Freeing unused decrypted memory: 2036K
[    0.650525] Freeing unused kernel image (initmem) memory: 2800K
[    0.650622] Write protecting the kernel read-only data: 26624k
[    0.651378] Freeing unused kernel image (text/rodata gap) memory: 2040K
[    0.651721] Freeing unused kernel image (rodata/data gap) memory: 1184K
[    0.691878] x86/mm: Checked W+X mappings: passed, no W+X pages found.
[    0.691879] x86/mm: Checking user space page tables
[    0.730330] x86/mm: Checked W+X mappings: passed, no W+X pages found.
[    0.730333] Run /init as init process
[    0.730334]   with arguments:
[    0.730335]     /init
[    0.730336]   with environment:
[    0.730336]     HOME=/
[    0.730337]     TERM=linux
[    0.730338]     BOOT_IMAGE=/boot/vmlinuz-6.1.0-20-amd64
[    0.825159] input: Sleep Button as /devices/LNXSYSTM:00/LNXSYBUS:00/PNP0C0E:00/input/input0
[    0.825187] ACPI: button: Sleep Button [SLPB]
[    0.825227] input: Power Button as /devices/LNXSYSTM:00/LNXSYBUS:00/PNP0C0C:00/input/input1
[    0.825245] ACPI: button: Power Button [PWRB]
[    0.825286] input: Power Button as /devices/LNXSYSTM:00/LNXPWRBN:00/input/input2
[    0.838307] i801_smbus 0000:00:1f.4: SMBus using PCI interrupt
[    0.839719] i2c i2c-0: 2/2 memory slots populated (from DMI)
[    0.840046] i2c i2c-0: Successfully instantiated SPD at 0x50
[    0.845280] ACPI: button: Power Button [PWRF]
[    0.850789] SCSI subsystem initialized
[    0.860827] ACPI: bus type USB registered
[    0.860852] usbcore: registered new interface driver usbfs
[    0.860861] usbcore: registered new interface driver hub
[    0.860874] usbcore: registered new device driver usb
[    0.861317] r8169 0000:02:00.0: can't disable ASPM; OS doesn't have ASPM control
[    0.879650] r8169 0000:02:00.0 eth0: RTL8168h/8111h, 94:c6:91:c0:4b:ff, XID 541, IRQ 123
[    0.879654] r8169 0000:02:00.0 eth0: jumbo features [frames: 9194 bytes, tx checksumming: ko]
[    0.885136] ACPI: bus type drm_connector registered
[    0.890759] libata version 3.00 loaded.
[    0.895830] xhci_hcd 0000:00:14.0: xHCI Host Controller
[    0.895836] xhci_hcd 0000:00:14.0: new USB bus registered, assigned bus number 1
[    0.896982] xhci_hcd 0000:00:14.0: hcc params 0x200077c1 hci version 0x100 quirks 0x0000000000009810
[    0.897225] xhci_hcd 0000:00:14.0: xHCI Host Controller
[    0.897225] ahci 0000:00:17.0: version 3.0
[    0.897229] xhci_hcd 0000:00:14.0: new USB bus registered, assigned bus number 2
[    0.897233] xhci_hcd 0000:00:14.0: Host supports USB 3.0 SuperSpeed
[    0.897291] usb usb1: New USB device found, idVendor=1d6b, idProduct=0002, bcdDevice= 6.01
[    0.897294] usb usb1: New USB device strings: Mfr=3, Product=2, SerialNumber=1
[    0.897296] usb usb1: Product: xHCI Host Controller
[    0.897298] usb usb1: Manufacturer: Linux 6.1.0-20-amd64 xhci-hcd
[    0.897300] usb usb1: SerialNumber: 0000:00:14.0
[    0.897500] ahci 0000:00:17.0: AHCI 0001.0301 32 slots 4 ports 6 Gbps 0xf impl SATA mode
[    0.897504] ahci 0000:00:17.0: flags: 64bit ncq sntf led clo only pio slum part ems deso sadm sds apst 
[    0.897553] hub 1-0:1.0: USB hub found
[    0.897570] hub 1-0:1.0: 10 ports detected
[    0.898964] usb usb2: New USB device found, idVendor=1d6b, idProduct=0003, bcdDevice= 6.01
[    0.898968] usb usb2: New USB device strings: Mfr=3, Product=2, SerialNumber=1
[    0.898970] usb usb2: Product: xHCI Host Controller
[    0.898972] usb usb2: Manufacturer: Linux 6.1.0-20-amd64 xhci-hcd
[    0.898973] usb usb2: SerialNumber: 0000:00:14.0
[    0.899103] hub 2-0:1.0: USB hub found
[    0.899113] hub 2-0:1.0: 4 ports detected
[    0.925372] r8169 0000:02:00.0 enp2s0: renamed from eth0
[    0.937847] scsi host0: ahci
[    0.938179] scsi host1: ahci
[    0.938447] scsi host2: ahci
[    0.938661] scsi host3: ahci
[    0.938700] ata1: SATA max UDMA/133 abar m2048@0xde22b000 port 0xde22b100 irq 125
[    0.938704] ata2: SATA max UDMA/133 abar m2048@0xde22b000 port 0xde22b180 irq 125
[    0.938707] ata3: SATA max UDMA/133 abar m2048@0xde22b000 port 0xde22b200 irq 125
[    0.938709] ata4: SATA max UDMA/133 abar m2048@0xde22b000 port 0xde22b280 irq 125
[    1.133874] Console: switching to colour dummy device 80x25
[    1.133906] nouveau 0000:01:00.0: vgaarb: deactivate vga console
[    1.133956] nouveau 0000:01:00.0: NVIDIA GF116 (0cf200a1)
[    1.153303] usb 1-5: new low-speed USB device number 2 using xhci_hcd
[    1.241309] tsc: Refined TSC clocksource calibration: 2400.000 MHz
[    1.241314] clocksource: tsc: mask: 0xffffffffffffffff max_cycles: 0x22983777dd9, max_idle_ns: 440795300422 ns
[    1.245238] clocksource: Switched to clocksource tsc
[    1.250451] ata2: SATA link down (SStatus 4 SControl 300)
[    1.250646] ata3: SATA link down (SStatus 4 SControl 300)
[    1.250884] ata4: SATA link down (SStatus 4 SControl 300)
[    1.305910] usb 1-5: New USB device found, idVendor=0b38, idProduct=0010, bcdDevice= 1.02
[    1.305923] usb 1-5: New USB device strings: Mfr=0, Product=0, SerialNumber=0
[    1.353490] nouveau 0000:01:00.0: bios: version 70.26.3a.00.01
[    1.433253] usb 1-7: new low-speed USB device number 3 using xhci_hcd
[    1.501343] nouveau 0000:01:00.0: fb: 1024 MiB GDDR5
[    1.503888] DMAR: DRHD: handling fault status reg 2
[    1.503892] DMAR: [DMA Read NO_PASID] Request device [01:00.0] fault addr 0x0 [fault reason 0x06] PTE Read access is not set
[    1.584179] usb 1-7: New USB device found, idVendor=275d, idProduct=0ba6, bcdDevice= 1.00
[    1.584182] usb 1-7: New USB device strings: Mfr=0, Product=1, SerialNumber=0
[    1.584184] usb 1-7: Product: USB OPTICAL MOUSE 
[    1.590741] hid: raw HID events driver (C) Jiri Kosina
[    2.149326] ata1: SATA link up 6.0 Gbps (SStatus 133 SControl 300)
[    2.151012] ata1.00: ACPI cmd f5/00:00:00:00:00:00(SECURITY FREEZE LOCK) filtered out
[    2.151015] ata1.00: ACPI cmd b1/c1:00:00:00:00:00(DEVICE CONFIGURATION OVERLAY) filtered out
[    2.151100] ata1.00: ATA-9: SSD 120GB, HP210715, max UDMA/133
[    2.153501] ata1.00: 234441648 sectors, multi 8: LBA48 NCQ (depth 32), AA
[    2.158688] ata1.00: ACPI cmd f5/00:00:00:00:00:00(SECURITY FREEZE LOCK) filtered out
[    2.158691] ata1.00: ACPI cmd b1/c1:00:00:00:00:00(DEVICE CONFIGURATION OVERLAY) filtered out
[    2.161029] ata1.00: configured for UDMA/133
[    2.161279] scsi 0:0:0:0: Direct-Access     ATA      SSD 120GB        0715 PQ: 0 ANSI: 5
[    2.171692] usbcore: registered new interface driver usbhid
[    2.171694] usbhid: USB HID core driver
[    2.173310] input: HID 0b38:0010 as /devices/pci0000:00/0000:00:14.0/usb1/1-5/1-5:1.0/0003:0B38:0010.0001/input/input3
[    2.174858] sd 0:0:0:0: [sda] 234441648 512-byte logical blocks: (120 GB/112 GiB)
[    2.174870] sd 0:0:0:0: [sda] Write Protect is off
[    2.174874] sd 0:0:0:0: [sda] Mode Sense: 00 3a 00 00
[    2.174892] sd 0:0:0:0: [sda] Write cache: enabled, read cache: enabled, doesn't support DPO or FUA
[    2.174910] sd 0:0:0:0: [sda] Preferred minimum I/O size 512 bytes
[    2.177515]  sda: sda1 sda2 sda3
[    2.177610] sd 0:0:0:0: [sda] Attached SCSI disk
[    2.233488] hid-generic 0003:0B38:0010.0001: input,hidraw0: USB HID v1.10 Keyboard [HID 0b38:0010] on usb-0000:00:14.0-5/input0
[    2.233633] input: HID 0b38:0010 System Control as /devices/pci0000:00/0000:00:14.0/usb1/1-5/1-5:1.1/0003:0B38:0010.0002/input/input4
[    2.293336] input: HID 0b38:0010 Consumer Control as /devices/pci0000:00/0000:00:14.0/usb1/1-5/1-5:1.1/0003:0B38:0010.0002/input/input5
[    2.293441] hid-generic 0003:0B38:0010.0002: input,hidraw1: USB HID v1.10 Device [HID 0b38:0010] on usb-0000:00:14.0-5/input1
[    2.293512] input: USB OPTICAL MOUSE  as /devices/pci0000:00/0000:00:14.0/usb1/1-7/1-7:1.0/0003:275D:0BA6.0003/input/input6
[    2.293718] hid-generic 0003:275D:0BA6.0003: input,hidraw2: USB HID v1.11 Mouse [USB OPTICAL MOUSE ] on usb-0000:00:14.0-7/input0
[    2.809369] nouveau 0000:01:00.0: DRM: VRAM: 1024 MiB
[    2.809371] nouveau 0000:01:00.0: DRM: GART: 1048576 MiB
[    2.809373] nouveau 0000:01:00.0: DRM: TMDS table version 2.0
[    2.809375] nouveau 0000:01:00.0: DRM: DCB version 4.0
[    2.809376] nouveau 0000:01:00.0: DRM: DCB outp 00: 02000300 00000000
[    2.809378] nouveau 0000:01:00.0: DRM: DCB outp 01: 01000302 00020030
[    2.809379] nouveau 0000:01:00.0: DRM: DCB outp 02: 04011380 00000000
[    2.809381] nouveau 0000:01:00.0: DRM: DCB outp 03: 08011382 00020030
[    2.809382] nouveau 0000:01:00.0: DRM: DCB outp 04: 02022362 00020010
[    2.809383] nouveau 0000:01:00.0: DRM: DCB conn 00: 00001030
[    2.809385] nouveau 0000:01:00.0: DRM: DCB conn 01: 00010130
[    2.809386] nouveau 0000:01:00.0: DRM: DCB conn 02: 00002261
[    2.810119] nouveau 0000:01:00.0: DRM: MM: using COPY0 for buffer copies
[    2.892176] nouveau 0000:01:00.0: DRM: allocated 1920x1080 fb: 0x60000, bo 00000000f81fad7e
[    2.893405] fbcon: nouveaudrmfb (fb0) is primary device
[    2.965470] Console: switching to colour frame buffer device 240x67
[    3.010462] nouveau 0000:01:00.0: [drm] fb0: nouveaudrmfb frame buffer device
[    3.025853] [drm] Initialized nouveau 1.3.1 20120801 for 0000:01:00.0 on minor 0
[    3.025859] nouveau 0000:01:00.0: DRM: Disabling PCI power management to avoid bug
[    3.053906] PM: Image not found (code -22)
[    3.169468] EXT4-fs (sda2): mounted filesystem with ordered data mode. Quota mode: none.
[    3.274501] Not activating Mandatory Access Control as /sbin/tomoyo-init does not exist.
[    3.424958] systemd[1]: Inserted module 'autofs4'
[    3.508689] systemd[1]: systemd 252.22-1~deb12u1 running in system mode (+PAM +AUDIT +SELINUX +APPARMOR +IMA +SMACK +SECCOMP +GCRYPT -GNUTLS +OPENSSL +ACL +BLKID +CURL +ELFUTILS +FIDO2 +IDN2 -IDN +IPTC +KMOD +LIBCRYPTSETUP +LIBFDISK +PCRE2 -PWQUALITY +P11KIT +QRENCODE +TPM2 +BZIP2 +LZ4 +XZ +ZLIB +ZSTD -BPF_FRAMEWORK -XKBCOMMON +UTMP +SYSVINIT default-hierarchy=unified)
[    3.508694] systemd[1]: Detected architecture x86-64.
[    3.513013] systemd[1]: Hostname set to <debian>.
[    3.879260] systemd[1]: Queued start job for default target graphical.target.
[    3.902750] systemd[1]: Created slice system-getty.slice - Slice /system/getty.
[    3.903267] systemd[1]: Created slice system-modprobe.slice - Slice /system/modprobe.
[    3.903683] systemd[1]: Created slice system-systemd\x2dfsck.slice - Slice /system/systemd-fsck.
[    3.904010] systemd[1]: Created slice user.slice - User and Session Slice.
[    3.904122] systemd[1]: Started systemd-ask-password-wall.path - Forward Password Requests to Wall Directory Watch.
[    3.904350] systemd[1]: Set up automount proc-sys-fs-binfmt_misc.automount - Arbitrary Executable File Formats File System Automount Point.
[    3.904382] systemd[1]: Expecting device dev-disk-by\x2duuid-4cdfb805\x2dda2b\x2d4536\x2d8e58\x2d13c82f0fa0f1.device - /dev/disk/by-uuid/4cdfb805-da2b-4536-8e58-13c82f0fa0f1...
[    3.904394] systemd[1]: Expecting device dev-disk-by\x2duuid-95AA\x2dCC7A.device - /dev/disk/by-uuid/95AA-CC7A...
[    3.904430] systemd[1]: Reached target integritysetup.target - Local Integrity Protected Volumes.
[    3.904460] systemd[1]: Reached target nss-user-lookup.target - User and Group Name Lookups.
[    3.904479] systemd[1]: Reached target remote-fs.target - Remote File Systems.
[    3.904494] systemd[1]: Reached target slices.target - Slice Units.
[    3.904530] systemd[1]: Reached target veritysetup.target - Local Verity Protected Volumes.
[    3.904718] systemd[1]: Listening on systemd-fsckd.socket - fsck to fsckd communication Socket.
[    3.904804] systemd[1]: Listening on systemd-initctl.socket - initctl Compatibility Named Pipe.
[    3.905243] systemd[1]: Listening on systemd-journald-audit.socket - Journal Audit Socket.
[    3.905436] systemd[1]: Listening on systemd-journald-dev-log.socket - Journal Socket (/dev/log).
[    3.905621] systemd[1]: Listening on systemd-journald.socket - Journal Socket.
[    3.906227] systemd[1]: Listening on systemd-udevd-control.socket - udev Control Socket.
[    3.906380] systemd[1]: Listening on systemd-udevd-kernel.socket - udev Kernel Socket.
[    3.907514] systemd[1]: Mounting dev-hugepages.mount - Huge Pages File System...
[    3.908690] systemd[1]: Mounting dev-mqueue.mount - POSIX Message Queue File System...
[    3.909885] systemd[1]: Mounting sys-kernel-debug.mount - Kernel Debug File System...
[    3.911082] systemd[1]: Mounting sys-kernel-tracing.mount - Kernel Trace File System...
[    3.916968] systemd[1]: Starting keyboard-setup.service - Set the console keyboard layout...
[    3.918253] systemd[1]: Starting kmod-static-nodes.service - Create List of Static Device Nodes...
[    3.919526] systemd[1]: Starting modprobe@configfs.service - Load Kernel Module configfs...
[    3.920756] systemd[1]: Starting modprobe@dm_mod.service - Load Kernel Module dm_mod...
[    3.922048] systemd[1]: Starting modprobe@drm.service - Load Kernel Module drm...
[    3.923329] systemd[1]: Starting modprobe@efi_pstore.service - Load Kernel Module efi_pstore...
[    3.924596] systemd[1]: Starting modprobe@fuse.service - Load Kernel Module fuse...
[    3.925876] systemd[1]: Starting modprobe@loop.service - Load Kernel Module loop...
[    3.926023] systemd[1]: systemd-fsck-root.service - File System Check on Root Device was skipped because of an unmet condition check (ConditionPathExists=!/run/initramfs/fsck-root).
[    3.928100] systemd[1]: Starting systemd-journald.service - Journal Service...
[    3.940330] systemd[1]: Starting systemd-modules-load.service - Load Kernel Modules...
[    3.941947] systemd[1]: Starting systemd-remount-fs.service - Remount Root and Kernel File Systems...
[    3.943562] systemd[1]: Starting systemd-udev-trigger.service - Coldplug All udev Devices...
[    3.946231] systemd[1]: Mounted dev-hugepages.mount - Huge Pages File System.
[    3.946731] systemd[1]: Mounted dev-mqueue.mount - POSIX Message Queue File System.
[    3.947201] systemd[1]: Mounted sys-kernel-debug.mount - Kernel Debug File System.
[    3.947651] systemd[1]: Mounted sys-kernel-tracing.mount - Kernel Trace File System.
[    3.948298] systemd[1]: Finished kmod-static-nodes.service - Create List of Static Device Nodes.
[    3.949201] systemd[1]: modprobe@drm.service: Deactivated successfully.
[    3.949540] systemd[1]: Finished modprobe@drm.service - Load Kernel Module drm.
[    3.952834] systemd[1]: modprobe@configfs.service: Deactivated successfully.
[    3.953105] systemd[1]: Finished modprobe@configfs.service - Load Kernel Module configfs.
[    3.954713] systemd[1]: Mounting sys-kernel-config.mount - Kernel Configuration File System...
[    3.958730] systemd[1]: Mounted sys-kernel-config.mount - Kernel Configuration File System.
[    3.961391] loop: module loaded
[    3.962017] systemd[1]: modprobe@loop.service: Deactivated successfully.
[    3.962146] systemd[1]: Finished modprobe@loop.service - Load Kernel Module loop.
[    3.964267] pstore: Using crash dump compression: deflate
[    3.984442] fuse: init (API version 7.37)
[    3.984446] pstore: Registered efi as persistent store backend
[    3.984968] systemd[1]: modprobe@efi_pstore.service: Deactivated successfully.
[    3.985108] systemd[1]: Finished modprobe@efi_pstore.service - Load Kernel Module efi_pstore.
[    3.985112] EXT4-fs (sda2): re-mounted. Quota mode: none.
[    3.986080] systemd[1]: modprobe@fuse.service: Deactivated successfully.
[    3.986186] systemd[1]: Finished modprobe@fuse.service - Load Kernel Module fuse.
[    3.986471] systemd[1]: Finished systemd-remount-fs.service - Remount Root and Kernel File Systems.
[    3.987429] systemd[1]: Mounting sys-fs-fuse-connections.mount - FUSE Control File System...
[    3.987473] systemd[1]: systemd-firstboot.service - First Boot Wizard was skipped because of an unmet condition check (ConditionFirstBoot=yes).
[    3.987536] systemd[1]: systemd-pstore.service - Platform Persistent Storage Archival was skipped because of an unmet condition check (ConditionDirectoryNotEmpty=/sys/fs/pstore).
[    3.988231] systemd[1]: Starting systemd-random-seed.service - Load/Save Random Seed...
[    3.989006] systemd[1]: Starting systemd-sysusers.service - Create System Users...
[    3.989730] systemd[1]: Mounted sys-fs-fuse-connections.mount - FUSE Control File System.
[    3.991369] device-mapper: core: CONFIG_IMA_DISABLE_HTABLE is disabled. Duplicate IMA measurements will not be recorded in the IMA log.
[    3.991394] device-mapper: uevent: version 1.0.3
[    3.991503] device-mapper: ioctl: 4.47.0-ioctl (2022-07-28) initialised: dm-devel@redhat.com
[    3.992210] systemd[1]: modprobe@dm_mod.service: Deactivated successfully.
[    3.992359] systemd[1]: Finished modprobe@dm_mod.service - Load Kernel Module dm_mod.
[    3.992548] systemd[1]: systemd-repart.service - Repartition Root Disk was skipped because no trigger condition checks were met.
[    4.025862] systemd[1]: Started systemd-journald.service - Journal Service.
[    4.030496] lp: driver loaded but no devices found
[    4.041068] ppdev: user-space parallel port driver
[    4.049132] systemd-journald[328]: Received client request to flush runtime journal.
[    4.661920] input: PC Speaker as /devices/platform/pcspkr/input/input7
[    4.663137] ee1004 0-0050: 512 byte EE1004-compliant SPD EEPROM, read-only
[    4.665296] sd 0:0:0:0: Attached scsi generic sg0 type 0
[    4.665326] resource sanity check: requesting [mem 0xfdffe800-0xfe0007ff], which spans more than pnp 00:07 [mem 0xfdb00000-0xfdffffff]
[    4.665330] caller pmc_core_probe+0xb3/0x6a0 [intel_pmc_core] mapping multiple BARs
[    4.665351] intel_pmc_core INT33A1:00:  initialized
[    4.671560] iTCO_vendor_support: vendor-support=0
[    4.683229] iTCO_wdt iTCO_wdt: Found a Intel PCH TCO device (Version=4, TCOBASE=0x0400)
[    4.683320] iTCO_wdt iTCO_wdt: initialized. heartbeat=30 sec (nowayout=0)
[    4.688554] RAPL PMU: API unit is 2^-32 Joules, 3 fixed counters, 655360 ms ovfl timer
[    4.688557] RAPL PMU: hw unit of domain pp0-core 2^-14 Joules
[    4.688558] RAPL PMU: hw unit of domain package 2^-14 Joules
[    4.688560] RAPL PMU: hw unit of domain dram 2^-14 Joules
[    4.730823] cryptd: max_cpu_qlen set to 1000
[    4.780432] AVX2 version of gcm_enc/dec engaged.
[    4.780491] AES CTR mode by8 optimization enabled
[    4.809765] snd_hda_intel 0000:00:1f.3: enabling device (0000 -> 0002)
[    4.809933] snd_hda_intel 0000:01:00.1: enabling device (0000 -> 0002)
[    4.809985] snd_hda_intel 0000:01:00.1: Disabling MSI
[    4.809988] snd_hda_intel 0000:01:00.1: Handle vga_switcheroo audio client
[    4.836235] input: HDA NVidia HDMI/DP,pcm=3 as /devices/pci0000:00/0000:00:01.0/0000:01:00.1/sound/card1/input8
[    4.836294] input: HDA NVidia HDMI/DP,pcm=7 as /devices/pci0000:00/0000:00:01.0/0000:01:00.1/sound/card1/input9
[    4.836349] input: HDA NVidia HDMI/DP,pcm=8 as /devices/pci0000:00/0000:00:01.0/0000:01:00.1/sound/card1/input10
[    4.836403] input: HDA NVidia HDMI/DP,pcm=9 as /devices/pci0000:00/0000:00:01.0/0000:01:00.1/sound/card1/input11
[    4.840888] snd_hda_codec_realtek hdaudioC0D0: autoconfig for ALC662 rev3: line_outs=1 (0x14/0x0/0x0/0x0/0x0) type:line
[    4.840892] snd_hda_codec_realtek hdaudioC0D0:    speaker_outs=0 (0x0/0x0/0x0/0x0/0x0)
[    4.840894] snd_hda_codec_realtek hdaudioC0D0:    hp_outs=1 (0x1b/0x0/0x0/0x0/0x0)
[    4.840896] snd_hda_codec_realtek hdaudioC0D0:    mono: mono_out=0x0
[    4.840897] snd_hda_codec_realtek hdaudioC0D0:    inputs:
[    4.840899] snd_hda_codec_realtek hdaudioC0D0:      Front Mic=0x19
[    4.840900] snd_hda_codec_realtek hdaudioC0D0:      Rear Mic=0x18
[    4.840901] snd_hda_codec_realtek hdaudioC0D0:      Line=0x1a
[    4.853014] input: HDA Intel PCH Front Mic as /devices/pci0000:00/0000:00:1f.3/sound/card0/input12
[    4.853057] input: HDA Intel PCH Rear Mic as /devices/pci0000:00/0000:00:1f.3/sound/card0/input13
[    4.853093] input: HDA Intel PCH Line as /devices/pci0000:00/0000:00:1f.3/sound/card0/input14
[    4.853126] input: HDA Intel PCH Line Out as /devices/pci0000:00/0000:00:1f.3/sound/card0/input15
[    4.853160] input: HDA Intel PCH Front Headphone as /devices/pci0000:00/0000:00:1f.3/sound/card0/input16
[    4.897571] Adding 999420k swap on /dev/sda3.  Priority:-2 extents:1 across:999420k SSFS
[    4.989788] intel_rapl_common: Found RAPL domain package
[    4.989791] intel_rapl_common: Found RAPL domain core
[    4.989792] intel_rapl_common: Found RAPL domain dram
[    5.134289] audit: type=1400 audit(1714036546.092:2): apparmor="STATUS" operation="profile_load" profile="unconfined" name="nvidia_modprobe" pid=608 comm="apparmor_parser"
[    5.134298] audit: type=1400 audit(1714036546.092:3): apparmor="STATUS" operation="profile_load" profile="unconfined" name="nvidia_modprobe//kmod" pid=608 comm="apparmor_parser"
[    5.134303] audit: type=1400 audit(1714036546.092:4): apparmor="STATUS" operation="profile_load" profile="unconfined" name="libreoffice-senddoc" pid=613 comm="apparmor_parser"
[    5.135051] audit: type=1400 audit(1714036546.092:5): apparmor="STATUS" operation="profile_load" profile="unconfined" name="libreoffice-xpdfimport" pid=615 comm="apparmor_parser"
[    5.135677] audit: type=1400 audit(1714036546.092:6): apparmor="STATUS" operation="profile_load" profile="unconfined" name="lsb_release" pid=607 comm="apparmor_parser"
[    5.138143] audit: type=1400 audit(1714036546.096:7): apparmor="STATUS" operation="profile_load" profile="unconfined" name="libreoffice-oosplash" pid=612 comm="apparmor_parser"
[    5.141213] audit: type=1400 audit(1714036546.096:8): apparmor="STATUS" operation="profile_load" profile="unconfined" name="/usr/bin/man" pid=611 comm="apparmor_parser"
[    5.141221] audit: type=1400 audit(1714036546.096:9): apparmor="STATUS" operation="profile_load" profile="unconfined" name="man_filter" pid=611 comm="apparmor_parser"
[    5.141226] audit: type=1400 audit(1714036546.096:10): apparmor="STATUS" operation="profile_load" profile="unconfined" name="man_groff" pid=611 comm="apparmor_parser"
[    5.158055] audit: type=1400 audit(1714036546.116:11): apparmor="STATUS" operation="profile_load" profile="unconfined" name="/usr/sbin/cups-browsed" pid=616 comm="apparmor_parser"
[    6.173631] NET: Registered PF_QIPCRTR protocol family
[    6.355653] r8169 0000:02:00.0: firmware: failed to load rtl_nic/rtl8168h-2.fw (-2)
[    6.355895] firmware_class: See https://wiki.debian.org/Firmware for information about missing firmware
[    6.356606] r8169 0000:02:00.0: firmware: failed to load rtl_nic/rtl8168h-2.fw (-2)
[    6.357310] r8169 0000:02:00.0: Direct firmware load for rtl_nic/rtl8168h-2.fw failed with error -2
[    6.357312] r8169 0000:02:00.0: Unable to load firmware rtl_nic/rtl8168h-2.fw (-2)
[    6.389343] Generic FE-GE Realtek PHY r8169-0-200:00: attached PHY driver (mii_bus:phy_addr=r8169-0-200:00, irq=MAC)
[    6.513740] r8169 0000:02:00.0 enp2s0: Link is Down
[    8.101811] r8169 0000:02:00.0 enp2s0: Link is Up - 100Mbps/Full - flow control rx/tx
[    8.101821] IPv6: ADDRCONF(NETDEV_CHANGE): enp2s0: link becomes ready
[    8.650428] nouveau 0000:01:00.0: firmware: failed to load nouveau/nvcf_fuc084 (-2)
[    8.650437] nouveau 0000:01:00.0: firmware: failed to load nouveau/nvcf_fuc084 (-2)
[    8.650439] nouveau 0000:01:00.0: Direct firmware load for nouveau/nvcf_fuc084 failed with error -2
[    8.650447] nouveau 0000:01:00.0: firmware: failed to load nouveau/nvcf_fuc084d (-2)
[    8.650453] nouveau 0000:01:00.0: firmware: failed to load nouveau/nvcf_fuc084d (-2)
[    8.650454] nouveau 0000:01:00.0: Direct firmware load for nouveau/nvcf_fuc084d failed with error -2
[    8.650455] nouveau 0000:01:00.0: msvld: unable to load firmware data
[    8.650457] nouveau 0000:01:00.0: msvld: init failed, -19
[   10.546890] rfkill: input handler disabled
